
> storytime_be@0.0.1 test C:\Users\dr393\OneDrive\Documents\real\storytime_be
> jest "src/kid/kid.service.spec.ts"

FAIL src/kid/kid.service.spec.ts
  ● Test suite failed to run

    Cannot find module '@/story/story.dto' from 'kid/kid.service.ts'

    Require stack:
      kid/kid.service.ts
      kid/kid.service.spec.ts

    [0m [90m 2 |[39m [36mimport[39m { [33mPrismaService[39m } [36mfrom[39m [32m'../prisma/prisma.service'[39m[33m;[39m
     [90m 3 |[39m [36mimport[39m { [33mCreateKidDto[39m[33m,[39m [33mUpdateKidDto[39m[33m,[39m [33mKidVoiceDto[39m } [36mfrom[39m [32m'./dto/kid.dto'[39m[33m;[39m
    [31m[1m>[22m[39m[90m 4 |[39m [36mimport[39m { [33mVoiceType[39m } [36mfrom[39m [32m'@/story/story.dto'[39m[33m;[39m
     [90m   |[39m [31m[1m^[22m[39m
     [90m 5 |[39m
     [90m 6 |[39m [33m@[39m[33mInjectable[39m()
     [90m 7 |[39m [36mexport[39m [36mclass[39m [33mKidService[39m {[0m

      at Resolver._throwModNotFoundError (../node_modules/.pnpm/jest-resolve@29.7.0/node_modules/jest-resolve/build/resolver.js:427:11)
      at Object.<anonymous> (kid/kid.service.ts:4:1)
      at Object.<anonymous> (kid/kid.service.spec.ts:2:1)

Test Suites: 1 failed, 1 total
Tests:       0 total
Snapshots:   0 total
Time:        17.095 s
Ran all test suites matching /src\\kid\\kid.service.spec.ts/i.
 ELIFECYCLE  Test failed. See above for more details.
